// Vitest Snapshot v1

exports[`BillingIcon > Renders the component 1`] = `
"<font-awesome-icon icon=\\"credit-card\\" size=\\"lg\\" data-test=\\"default-icon\\"></font-awesome-icon>
<!--v-if-->"
`;
